=== Inicio de log para Zhailox ===
[2026-09-01 09:57:58] Creado .gitignore con sync_*.log
[2026-09-01 09:58:21] ----- Actualizar desde main (reset) -----
[2026-09-01 09:58:34] Reset --hard exitoso
[2026-09-01 09:59:08] ----- Subir cambios -----
[2026-09-01 09:59:40] Push exitoso
[2026-09-01 10:19:36] ----- Subir cambios -----
[2026-09-01 10:19:54] Push exitoso
[2026-09-01 10:27:36] ----- Subir cambios -----
[2026-09-01 10:27:50] Push exitoso
[2026-09-01 10:31:28] ----- Subir cambios -----
[2026-09-01 10:31:42] Push exitoso
[2026-09-01 10:39:57] Salida del script
[2026-09-01 10:41:19] Salida del script
[2026-09-01 10:42:14] ----- Subir cambios -----
[2026-09-01 10:42:24] Push exitoso
[2026-09-01 10:42:27] Salida del script
[2026-09-02 19:42:38] ----- Subir cambios -----
[2026-09-02 19:43:07] Push exitoso
[2026-09-02 19:43:14] ----- Ver log local -----
[2026-09-02 19:43:24] ----- Ver log local -----
[2026-09-02 19:43:42] Salida del script
[2026-09-04 09:35:14] ----- Actualizar desde main (reset) -----
[2026-09-04 09:40:21] Reset --hard exitoso
[2026-09-04 11:58:22] ----- Subir cambios -----
[2026-09-04 11:58:27] Usuario canceló subir cambios
[2026-09-04 11:59:20] ----- Ver estado -----
[2026-09-04 11:59:33] ----- Subir cambios -----
[2026-09-04 12:00:38] Usuario canceló subir cambios
[2026-09-04 12:00:40] ----- Subir cambios -----
[2026-09-04 12:01:30] Push exitoso
[2026-09-04 12:01:33] Salida del script
[2026-09-05 08:56:53] ----- Actualizar desde main (reset) -----
[2026-09-05 08:57:00] Reset --hard exitoso
[2026-09-05 11:03:55] ----- Subir cambios -----
[2026-09-05 11:04:20] Usuario canceló subir cambios
[2026-09-05 11:04:21] ----- Subir cambios -----
[2026-09-05 11:04:46] Push exitoso
[2026-09-05 11:04:56] ----- Ver estado -----
[2026-09-05 11:05:01] Salida del script
[2026-09-07 14:54:30] ----- Actualizar desde main (reset) -----
[2026-09-07 14:54:39] Reset --hard exitoso
[2026-09-07 14:55:12] ----- Ver estado -----
[2026-09-07 15:59:34] ----- Subir cambios -----
[2026-09-07 15:59:47] Push exitoso
[2026-09-07 16:12:34] ----- Subir cambios -----
[2026-09-07 16:12:46] Usuario canceló subir cambios
[2026-09-07 16:18:23] ----- Subir cambios -----
[2026-09-07 16:18:45] Usuario canceló subir cambios
[2026-09-07 16:19:12] ----- Subir cambios -----
[2026-09-07 16:19:31] Push exitoso
[2026-09-07 16:45:31] ----- Ver estado -----
[2026-09-07 16:45:36] ----- Actualizar desde main (reset) -----
[2026-09-07 16:45:40] Reset --hard exitoso
[2026-09-07 22:31:20] ----- Ver estado -----
[2026-09-07 22:31:27] ----- Subir cambios -----
[2026-09-07 22:31:44] Push exitoso
[2026-09-07 22:55:35] ----- Ver estado -----
[2026-09-07 22:56:06] ----- Subir cambios -----
[2026-09-07 22:56:35] Push exitoso
[2026-09-07 23:01:58] ----- Ver estado -----
[2026-09-07 23:02:01] ----- Subir cambios -----
[2026-09-07 23:02:12] Push exitoso
[2026-09-08 00:42:00] ----- Ver estado -----
[2026-09-08 00:42:12] ----- Subir cambios -----
[2026-09-08 00:43:04] Push exitoso
[2026-09-08 00:43:08] Salida del script
[2026-09-09 18:07:50] ----- Actualizar con merge -----
[2026-09-09 18:07:51] Conflicto en merge (opción manual)
[2026-09-09 18:07:58] ----- Actualizar desde main (reset) -----
[2026-09-09 18:08:03] Reset --hard exitoso
[2026-09-09 20:18:35] ----- Ver estado -----
[2026-09-09 20:18:46] ----- Subir cambios -----
[2026-09-09 20:18:58] Push exitoso
[2026-09-09 20:19:01] Salida del script
[2026-09-10 11:43:32] ----- Ver estado -----
[2026-09-10 11:43:35] ----- Subir cambios -----
[2026-09-10 11:43:47] Push exitoso
[2026-09-10 11:43:49] Salida del script
[2026-09-10 21:05:27] ----- Subir cambios -----
[2026-09-10 21:05:52] Push exitoso
[2026-09-10 21:28:48] ----- Subir cambios -----
[2026-09-10 21:28:57] Push exitoso
[2026-09-11 00:01:22] ----- Ver estado -----
[2026-09-11 00:02:01] ----- Ver estado -----
[2026-09-11 00:02:04] ----- Subir cambios -----
[2026-09-11 00:02:18] Push exitoso
[2026-09-11 00:02:21] Salida del script
[2026-09-12 00:45:16] ----- Actualizar desde main (reset) -----
[2026-09-12 00:45:19] Reset --hard exitoso
[2026-09-12 01:38:12] ----- Subir cambios -----
[2026-09-12 01:38:24] Push exitoso
[2026-09-12 02:41:02] ----- Subir cambios -----
[2026-09-12 02:41:17] Push exitoso
[2026-09-12 02:41:21] Salida del script
[2026-09-12 19:08:02] ----- Actualizar desde main (reset) -----
[2026-09-12 19:08:05] Reset --hard exitoso
[2026-09-12 21:00:15] ----- Subir cambios -----
[2026-09-12 21:00:26] Push exitoso
[2026-09-12 21:25:59] ----- Subir cambios -----
[2026-09-12 21:26:11] Push exitoso
[2026-09-13 00:01:12] ----- Subir cambios -----
[2026-09-13 00:01:23] Push exitoso
[2026-09-13 00:23:07] ----- Subir cambios -----
[2026-09-13 00:23:18] Push exitoso
[2026-09-13 01:15:56] ----- Subir cambios -----
[2026-09-13 01:16:07] Push exitoso
[2026-09-13 02:48:42] ----- Subir cambios -----
[2026-09-13 02:48:53] Usuario canceló subir cambios
[2026-09-13 02:48:55] ----- Subir cambios -----
[2026-09-13 02:49:04] Push exitoso
[2026-09-13 03:05:09] ----- Subir cambios -----
[2026-09-13 03:05:13] Usuario canceló subir cambios
[2026-09-13 03:05:34] ----- Subir cambios -----
[2026-09-13 03:05:41] Push exitoso
[2026-09-13 03:05:44] Salida del script
[2026-09-13 23:30:54] ----- Actualizar desde main (reset) -----
[2026-09-13 23:30:58] Reset --hard exitoso
[2026-09-13 23:54:22] ----- Subir cambios -----
[2026-09-13 23:54:30] Push exitoso
[2026-09-13 23:59:18] ----- Subir cambios -----
[2026-09-13 23:59:28] Push exitoso
[2026-09-14 16:15:00] ----- Actualizar desde main (reset) -----
[2026-09-14 16:15:03] Reset --hard exitoso
[2026-09-14 16:15:23] ----- Ver estado -----
[2026-09-14 16:52:05] ----- Subir cambios -----
[2026-09-14 16:52:18] Push exitoso
[2026-09-14 19:23:35] ----- Subir cambios -----
[2026-09-14 19:24:03] Push exitoso
[2026-09-16 01:53:56] ----- Subir cambios -----
[2026-09-16 01:54:04] Push exitoso
[2026-09-16 14:48:53] ----- Ver estado -----
[2026-09-16 14:48:59] ----- Actualizar desde main (reset) -----
[2026-09-16 14:49:02] Reset --hard exitoso
[2026-09-16 16:45:37] ----- Subir cambios -----
[2026-09-16 16:45:49] Push exitoso
[2026-09-16 16:58:22] ----- Subir cambios -----
[2026-09-16 16:58:33] Push exitoso
[2026-09-16 17:21:46] ----- Subir cambios -----
[2026-09-16 17:21:52] Usuario canceló subir cambios
[2026-09-16 17:21:54] Salida del script
[2026-09-17 00:15:11] ----- Subir cambios -----
[2026-09-17 00:15:19] Push exitoso
[2026-09-19 00:15:28] Creado .gitignore con sync_*.log
[2026-09-19 00:15:30] ----- Subir cambios -----
[2026-09-19 00:15:46] Push exitoso
[2026-09-19 00:16:15] Salida del script
[2026-09-19 12:30:34] ----- Actualizar desde main (reset) -----
[2026-09-19 12:30:39] Reset --hard exitoso
[2026-09-19 15:14:50] ----- Subir cambios -----
[2026-09-19 15:15:01] Push exitoso
[2026-09-19 15:19:41] ----- Subir cambios -----
[2026-09-19 15:19:49] Push exitoso
[2026-09-19 20:45:33] ----- Ver estado -----
[2026-09-19 20:45:35] ----- Actualizar desde main (reset) -----
[2026-09-19 20:45:39] Reset --hard exitoso
[2026-09-19 23:16:02] ----- Subir cambios -----
[2026-09-19 23:16:08] Usuario canceló subir cambios
[2026-09-19 23:17:06] ----- Subir cambios -----
[2026-09-19 23:17:23] Push exitoso
[2026-09-20 17:13:33] ----- Subir cambios -----
[2026-09-20 17:13:53] Push exitoso
[2026-09-20 17:37:48] ----- Subir cambios -----
[2026-09-20 17:37:58] Push exitoso
[2026-09-20 17:38:06] Salida del script
[2026-09-22 19:56:44] ----- Subir cambios -----
[2026-09-22 19:57:00] Push exitoso
[2026-09-22 20:08:51] ----- Subir cambios -----
[2026-09-22 20:09:01] Push exitoso
[2026-09-22 20:32:49] ----- Subir cambios -----
[2026-09-22 20:32:52] Usuario canceló subir cambios
[2026-09-22 22:03:47] ----- Subir cambios -----
[2026-09-22 22:04:01] Push exitoso
[2026-09-22 22:08:04] ----- Subir cambios -----
[2026-09-22 22:14:01] Push exitoso
[2026-09-23 18:09:14] ----- Actualizar desde main (reset) -----
[2026-09-23 18:09:35] Reset --hard exitoso
[2026-09-23 18:14:00] ----- Actualizar desde main (reset) -----
[2026-09-23 18:14:04] Reset --hard exitoso
[2026-09-23 23:00:11] ----- Subir cambios -----
[2026-09-23 23:00:14] Usuario canceló subir cambios
[2026-09-23 23:00:45] ----- Subir cambios -----
[2026-09-23 23:01:05] Push exitoso
[2026-09-24 01:39:37] ----- Subir cambios -----
[2026-09-24 01:39:49] Push exitoso
[2026-09-24 17:40:29] ----- Actualizar desde main (reset) -----
[2026-09-24 17:40:32] Reset --hard exitoso
[2026-09-24 18:27:18] ----- Subir cambios -----
[2026-09-24 18:27:24] Usuario canceló subir cambios
[2026-09-24 18:27:40] ----- Subir cambios -----
[2026-09-24 18:27:51] Push exitoso
[2026-09-24 20:05:16] ----- Subir cambios -----
[2026-09-24 20:05:31] Push exitoso
[2026-09-24 20:39:34] ----- Subir cambios -----
[2026-09-24 20:39:50] Push exitoso
[2026-09-24 20:53:16] ----- Subir cambios -----
[2026-09-24 20:53:25] Push exitoso
[2026-09-24 22:08:28] ----- Subir cambios -----
[2026-09-24 22:08:41] Push exitoso
[2026-09-25 19:39:37] ----- Actualizar desde main (reset) -----
[2026-09-25 19:40:09] Reset --hard exitoso
[2026-09-25 23:21:23] ----- Subir cambios -----
[2026-09-25 23:21:36] Push exitoso
[2026-09-26 00:03:55] ----- Subir cambios -----
[2026-09-26 00:04:07] Push exitoso
[2026-09-26 00:04:11] Salida del script
[2026-09-28 19:11:26] ----- Ver estado -----
[2026-09-28 19:11:32] ----- Subir cambios -----
[2026-09-28 19:11:54] Push exitoso
[2026-09-28 19:20:25] ----- Ver estado -----
[2026-09-28 19:20:28] ----- Subir cambios -----
[2026-09-28 19:20:40] Push exitoso
[2026-09-28 19:31:30] ----- Subir cambios -----
[2026-09-28 19:31:39] Push exitoso
[2026-09-28 20:27:22] ----- Subir cambios -----
[2026-09-28 20:27:38] Push exitoso
[2026-09-28 22:40:49] Salida del script
[2026-09-29 01:11:38] Creado .gitignore con sync_*.log
[2026-09-29 01:11:40] ----- Subir cambios -----
